exports[`Suite for calling and rendering components from componentFactory: renders babel component as expected 1`] = `
<Text
  accessible={true}
  allowFontScaling={true}
  ellipsizeMode="tail" />
`;

exports[`Suite for calling and rendering components from componentFactory: renders button component as expected 1`] = `
<View
  accessibilityComponentType={undefined}
  accessibilityLabel={undefined}
  accessibilityTraits={undefined}
  accessible={true}
  hitSlop={undefined}
  isTVSelectable={true}
  onLayout={undefined}
  onResponderGrant={[Function]}
  onResponderMove={[Function]}
  onResponderRelease={[Function]}
  onResponderTerminate={[Function]}
  onResponderTerminationRequest={[Function]}
  onStartShouldSetResponder={[Function]}
  style={
    Object {
      "alignItems": "center",
      "backgroundColor": "transparent",
      "borderColor": "black",
      "borderWidth": 1,
      "flex": 1,
      "justifyContent": "center",
      "opacity": 1,
    }
  }
  testID={undefined}
  tvParallaxProperties={undefined}>
  <Text
    accessible={true}
    allowFontScaling={true}
    ellipsizeMode="tail"
    style={
      Object {
        "alignSelf": "center",
        "backgroundColor": "transparent",
        "color": "#191919",
        "fontSize": 18,
        "padding": 10,
      }
    } />
</View>
`;

exports[`Suite for calling and rendering components from componentFactory: renders image component as expected 1`] = `
<Image
  onPress={[Function]}
  source={
    Object {
      "uri": undefined,
    }
  } />
`;

exports[`Suite for calling and rendering components from componentFactory: renders textarea component as expected 1`] = `
<TextInput
  editable={true}
  multiline={true}
  numberOfLines={4}
  onChangeText={[Function]} />
`;

exports[`Suite for calling and rendering components from componentFactory: renders textfield component as expected 1`] = `
<TextInput
  defaultValue={undefined}
  onChangeText={[Function]}
  secureTextEntry={false}
  style={
    Object {
      "height": 60,
      "width": 150,
    }
  } />
`;
